sathya@sathya-HP-Pavilion-Laptop-14-ce3xxx:~$ ls
bench-14                     Desktop        Documents  fargo.pdf  frappe-bench                            Music        Pictures  Public  SD.pub  Templates  v15
cloudflared-linux-amd64.deb  Devops_Course  Downloads  Flutter    google-chrome-stable_current_amd64.deb  patches.txt  Postman   SD      snap    test.py    Videos
sathya@sathya-HP-Pavilion-Laptop-14-ce3xxx:~$ cd De
Desktop/       Devops_Course/ 
sathya@sathya-HP-Pavilion-Laptop-14-ce3xxx:~$ cd De
Desktop/       Devops_Course/ 
sathya@sathya-HP-Pavilion-Laptop-14-ce3xxx:~$ cd Devops_Course
sathya@sathya-HP-Pavilion-Laptop-14-ce3xxx:~/Devops_Course$ pwd
/home/sathya/Devops_Course
sathya@sathya-HP-Pavilion-Laptop-14-ce3xxx:~/Devops_Course$ mkdir <sample.txt>
bash: syntax error near unexpected token `newline'
sathya@sathya-HP-Pavilion-Laptop-14-ce3xxx:~/Devops_Course$ mkdir sample.txt
sathya@sathya-HP-Pavilion-Laptop-14-ce3xxx:~/Devops_Course$ ls
'DEVOPS OVERVIEW AND ARCHITECTURE.pptx'  'DevOps-Syllabus-FITA (2).pdf'   Devops_understanding.pdf  'LINUX ADMINISTRATION.pdf'   sample.txt  'SOURCE CONTROL OF GIT.pdf'
sathya@sathya-HP-Pavilion-Laptop-14-ce3xxx:~/Devops_Course$ rmdir sample.txt
sathya@sathya-HP-Pavilion-Laptop-14-ce3xxx:~/Devops_Course$ ls
'DEVOPS OVERVIEW AND ARCHITECTURE.pptx'  'DevOps-Syllabus-FITA (2).pdf'   Devops_understanding.pdf  'LINUX ADMINISTRATION.pdf'  'SOURCE CONTROL OF GIT.pdf'
sathya@sathya-HP-Pavilion-Laptop-14-ce3xxx:~/Devops_Course$ mkdir sample
sathya@sathya-HP-Pavilion-Laptop-14-ce3xxx:~/Devops_Course$ ls
'DEVOPS OVERVIEW AND ARCHITECTURE.pptx'  'DevOps-Syllabus-FITA (2).pdf'   Devops_understanding.pdf  'LINUX ADMINISTRATION.pdf'   sample  'SOURCE CONTROL OF GIT.pdf'
sathya@sathya-HP-Pavilion-Laptop-14-ce3xxx:~/Devops_Course$ cd sample
sathya@sathya-HP-Pavilion-Laptop-14-ce3xxx:~/Devops_Course/sample$ touch sample.txt
sathya@sathya-HP-Pavilion-Laptop-14-ce3xxx:~/Devops_Course/sample$ ls
sample.txt
sathya@sathya-HP-Pavilion-Laptop-14-ce3xxx:~/Devops_Course/sample$ cd ..
sathya@sathya-HP-Pavilion-Laptop-14-ce3xxx:~/Devops_Course$ touch demo.txt
sathya@sathya-HP-Pavilion-Laptop-14-ce3xxx:~/Devops_Course$ cd sample
sathya@sathya-HP-Pavilion-Laptop-14-ce3xxx:~/Devops_Course/sample$ ls
sample.txt
sathya@sathya-HP-Pavilion-Laptop-14-ce3xxx:~/Devops_Course/sample$ cd ..
sathya@sathya-HP-Pavilion-Laptop-14-ce3xxx:~/Devops_Course$ mv demo.txt sample
sathya@sathya-HP-Pavilion-Laptop-14-ce3xxx:~/Devops_Course$ ls
'DEVOPS OVERVIEW AND ARCHITECTURE.pptx'  'DevOps-Syllabus-FITA (2).pdf'   Devops_understanding.pdf  'LINUX ADMINISTRATION.pdf'   sample  'SOURCE CONTROL OF GIT.pdf'
sathya@sathya-HP-Pavilion-Laptop-14-ce3xxx:~/Devops_Course$ cp demo.txt test.txt
cp: cannot stat 'demo.txt': No such file or directory
sathya@sathya-HP-Pavilion-Laptop-14-ce3xxx:~/Devops_Course$ cd sample/
sathya@sathya-HP-Pavilion-Laptop-14-ce3xxx:~/Devops_Course/sample$ cp demo.txt test.txt
sathya@sathya-HP-Pavilion-Laptop-14-ce3xxx:~/Devops_Course/sample$ ls
demo.txt  sample.txt  test.txt
sathya@sathya-HP-Pavilion-Laptop-14-ce3xxx:~/Devops_Course/sample$ cat demo.txt
Hi
Helo
Haiiiiiii
sathya@sathya-HP-Pavilion-Laptop-14-ce3xxx:~/Devops_Course/sample$ cat demo.txt test.txt > combine.txt
sathya@sathya-HP-Pavilion-Laptop-14-ce3xxx:~/Devops_Course/sample$ ls
combine.txt  demo.txt  sample.txt  test.txt
sathya@sathya-HP-Pavilion-Laptop-14-ce3xxx:~/Devops_Course/sample$ cat combine.txt
Hi
Helo
Haiiiiiii
Hi
Helo
Haiiiiiii
sathya@sathya-HP-Pavilion-Laptop-14-ce3xxx:~/Devops_Course/sample$ more combine.txt
Hi
Helo
Haiiiiiii
Hi
Helo
Haiiiiiii
sathya@sathya-HP-Pavilion-Laptop-14-ce3xxx:~/Devops_Course/sample$ less combine.txt
sathya@sathya-HP-Pavilion-Laptop-14-ce3xxx:~/Devops_Course/sample$ less combine.txt
sathya@sathya-HP-Pavilion-Laptop-14-ce3xxx:~/Devops_Course/sample$ more combine.txt
Hi
Helo
Haiiiiiii
Hi
Helo
Haiiiiiii
DevOps, short for Development and Operations, is a set of practices, principles, and
cultural philosophies that aim to improve collaboration and communication between
software development (Dev) and IT operations (Ops) teams. The primary goal of
DevOps is to shorten the development lifecycle, deliver high-quality software
continuously, and enhance the overall efficiency of the software development and
delivery process.

Principles of DevOps include:
 Collaboration: DevOps encourages close collaboration between development,
operations, and other stakeholders involved in the software delivery process.
 Automation: Automation is a crucial aspect of DevOps, automating repetitive
tasks such as code integration, testing, deployment, and infrastructure
provisioning. This helps reduce manual errors, increase efficiency, and speed up
the delivery pipeline.
 Continuous Integration (CI): CI involves frequently integrating code changes into
a shared repository, allowing automated builds and tests to be triggered. This
helps identify and address issues early in the development process.
 Continuous Delivery (CD): CD extends CI by automatically deploying code
changes to production-like environments after passing through the testing
phase. The goal is to make the delivery process more reliable and efficient.
 Infrastructure as Code (IaC): IaC involves managing and provisioning
infrastructure (servers, networks, etc.) using code and automation tools. This
ensures consistency and repeatability in infrastructure deployment. Monitoring and Logging: DevOps emphasizes the importance of monit
sathya@sathya-HP-Pavilion-Laptop-14-ce3xxx:~/Devops_Course/sample$ more combine.txt
Hi
Helo
Haiiiiiii
Hi
Helo
Haiiiiiii
DevOps, short for Development and Operations, is a set of practices, principles, and
cultural philosophies that aim to improve collaboration and communication between
software development (Dev) and IT operations (Ops) teams. The primary goal of
DevOps is to shorten the development lifecycle, deliver high-quality software
continuously, and enhance the overall efficiency of the software development and
delivery process.

Principles of DevOps include:
 Collaboration: DevOps encourages close collaboration between development,
operations, and other stakeholders involved in the software delivery process.
 Automation: Automation is a crucial aspect of DevOps, automating repetitive
tasks such as code integration, testing, deployment, and infrastructure
provisioning. This helps reduce manual errors, increase efficiency, and speed up
the delivery pipeline.
 Continuous Integration (CI): CI involves frequently integrating code changes into
a shared repository, allowing automated builds and tests to be triggered. This
helps identify and address issues early in the development process.
 Continuous Delivery (CD): CD extends CI by automatically deploying code
changes to production-like environments after passing through the testing
phase. The goal is to make the delivery process more reliable and efficient.
 Infrastructure as Code (IaC): IaC involves managing and provisioning
infrastructure (servers, networks, etc.) using code and automation tools. This
ensures consistency and repeatability in infrastructure deployment. Monitoring and Logging: DevOps emphasizes the importance of monitor
Monitoring and Logging: DevOps emphasizes the importance of monitoring
application and infrastructure performance in real-time. Logging helps capture
and analyze system events and errors for troubleshooting and improvement.
 Microservices and Containers: DevOps often adopts a microservices
architecture and containerization (e.g., Docker) to enhance scalability, flexibility,
and ease of deployment.
 Feedback Loops: Continuous feedback is a core principle in DevOps. Teams
collect feedback from various stages of the development lifecycle to identify
areas for improvement and optimize processes continuously.
The Waterfall Model:
The Waterfall Model is a linear and sequential software development methodology,
often used in traditional project management and software engineering. It was one
of the earliest methodologies to be introduced and is characterized by its structured
and phased approach. The model follows a systematic, step-by-step progression
through various phases, with each phase service
Requirements Gathering and Analysis:
In this phase, project requirements are gathered from stakeholders and thoroughly
analyzed. The goal is to establish a clear and comprehensive understanding of the
project's scope and objectives. System Design:
Based on the analyzed requirements, system design involves creating a detailed
blueprint or specification of the system to be developed. This phase defines the
architecture, components, modules, data flow, and interfaces.
 Implementation (Coding):
The actual coding or programming of the software is done in this phase. Developers
implement the design specifications into source code, creating the actual software
product.
 Testing:
After the software is coded, it undergoes testing to identify and fix any defects or
bugs. The testing phase ensures that the software meets the specified requirements
and functions correctly.
 Deployment (Installation):
Once the software has been thoroughly tested and approved, it is deployed to the
production environment. This phase involves installing the software on the end-
users' systems.
 Maintenance:
The maintenance phase involves addressing and fixing any issues that arise after
deployment. It may also include adding new features or making enhancements to
the software based on user feedback or changing requirements.
One of the main criticisms of the Waterfall Model is its inflexibility. Once a phase is
completed, it's challenging to go back and make changes without affecting the entire
development process. This can be a limitation in dynamic and rapidly changing
environments. In contrast to more iterative and flexible models like Agile, the
Waterfall Model is better suited for projects where the requirements are well-
defined and unlikely to change significantly during development.
Agile methodolog:
Agile methodology is a set of principles and practices for software development that
prioritizes flexibility, collaboration, and customer satisfaction. It emerged as a
response to the limitations of traditional project management approaches that often
struggled to adapt to changing requirements in dynamic environments. Agile
emphasizes iterative development, continuous feedback, and the ability to respond
quickly to evolving project needs.
sathya@sathya-HP-Pavilion-Laptop-14-ce3xxx:~/Devops_Course/sample$ free -h
               total        used        free      shared  buff/cache   available
Mem:           7.5Gi       2.3Gi       2.8Gi       512Mi       2.4Gi       4.4Gi
Swap:          2.0Gi       843Mi       1.2Gi
sathya@sathya-HP-Pavilion-Laptop-14-ce3xxx:~/Devops_Course/sample$ df -h
Filesystem      Size  Used Avail Use% Mounted on
tmpfs           772M  2.0M  770M   1% /run
/dev/nvme0n1p5   78G   46G   28G  63% /
tmpfs           3.8G   40M  3.8G   2% /dev/shm
tmpfs           5.0M  4.0K  5.0M   1% /run/lock
efivarfs        192K   96K   92K  52% /sys/firmware/efi/efivars
/dev/nvme0n1p1  256M   91M  166M  36% /boot/efi
tmpfs           772M  108K  772M   1% /run/user/1000
sathya@sathya-HP-Pavilion-Laptop-14-ce3xxx:~/Devops_Course/sample$ top

top - 08:46:07 up 22:09,  1 user,  load average: 0.88, 1.00, 1.06
Tasks: 298 total,   1 running, 297 sleeping,   0 stopped,   0 zombie
%Cpu(s):  2.2 us,  1.2 sy,  0.0 ni, 96.5 id,  0.1 wa,  0.0 hi,  0.0 si,  0.0 st
MiB Mem :   7711.6 total,   2912.9 free,   2380.2 used,   2418.5 buff/cache
MiB Swap:   2048.0 total,   1204.6 free,    843.4 used.   4515.9 avail Mem 

    PID USER      PR  NI    VIRT    RES    SHR S  %CPU  %MEM     TIME+ COMMAND                                                                                                                              
   1866 sathya    20   0 6003568 208592 117392 S  14.0   2.6  23:01.23 gnome-shell                                                                                                                          
   1676 sathya    20   0 1822120 149288 116080 S   3.3   1.9   9:26.32 Xorg                                                                                                                                 
 977984 sathya    20   0 1133.7g 138356 107264 S   1.7   1.8   0:26.47 chrome                                                                                                                               
 998531 root      20   0       0      0      0 I   1.7   0.0   0:05.12 kworker/u16:0-ext4-rsv-conversion                                                                                                    
 976589 root      20   0       0      0      0 I   0.7   0.0   0:17.21 kworker/u16:28-writeback                                                                                                             
 977187 sathya    20   0 3121820  61672  41984 S   0.7   0.8   0:09.22 gjs                                                                                                                                  
1031283 root      20   0       0      0      0 I   0.7   0.0   0:00.80 kworker/4:0-i915-unordered                                                                                                           
     16 root      20   0       0      0      0 I   0.3   0.0   0:29.68 rcu_preempt                                                                                                                          
     35 root      20   0       0      0      0 S   0.3   0.0   0:03.49 ksoftirqd/3                                                                                                                          
    692 syslog    20   0  222404   5444   3960 S   0.3   0.1   0:09.45 rsyslogd                                                                                                                             
    697 root      20   0 1763160  30012  14156 S   0.3   0.4   1:06.75 snapd                                                                                                                                
    704 root      20   0  276088  11732  10628 S   0.3   0.1   0:36.73 thermald                                                                                                                             
 969566 root      20   0       0      0      0 I   0.3   0.0   0:00.27 kworker/1:0-events                                                                                                                   
 979734 root       0 -20       0      0      0 D   0.3   0.0   0:07.37 kworker/u17:3+i915_flip                                                                                                              
 988046 sathya    20   0  891196  53960  40996 S   0.3   0.7   0:05.01 gnome-terminal-                                                                                                                      
1034934 sathya    20   0   13344   4224   3328 R   0.3   0.1   0:00.06 top                                                                                                                                  
      1 root      20   0  167032  11708   7848 S   0.0   0.1   0:06.29 systemd                                                                                                                              
      2 root      20   0       0      0      0 S   0.0   0.0   0:00.04 kthreadd                                                                                                                             
      3 root       0 -20       0      0      0 I   0.0   0.0   0:00.00 rcu_gp                                                                                                                               
      4 root       0 -20       0      0      0 I   0.0   0.0   0:00.00 rcu_par_gp                                                                                                                           
      5 root       0 -20       0      0      0 I   0.0   0.0   0:00.00 slub_flushwq                                                                                                                         
      6 root       0 -20       0      0      0 I   0.0   0.0   0:00.00 netns                                                                                                                                
      8 root       0 -20       0      0      0 I   0.0   0.0   0:00.00 kworker/0:0H-events_highpri                                                                                                          
     11 root       0 -20       0      0      0 I   0.0   0.0   0:00.00 mm_percpu_wq                                                                                                                         
     12 root      20   0       0      0      0 I   0.0   0.0   0:00.00 rcu_tasks_kthread                                                                                                                    
     13 root      20   0       0      0      0 I   0.0   0.0   0:00.00 rcu_tasks_rude_kthread                                                                                                               
     14 root      20   0       0      0      0 I   0.0   0.0   0:00.00 rcu_tasks_trace_kthread                                                                                                              
     15 root      20   0       0      0      0 S   0.0   0.0   0:02.70 ksoftirqd/0                                                                                                                          
     17 root      rt   0       0      0      0 S   0.0   0.0   0:00.22 migration/0                                                                                                                          
     18 root     -51   0       0      0      0 S   0.0   0.0   0:00.00 idle_inject/0                                                                                                                        
     19 root      20   0       0      0      0 S   0.0   0.0   0:00.00 cpuhp/0                                                                                                                              
     20 root      20   0       0      0      0 S   0.0   0.0   0:00.00 cpuhp/1                                                                                                                              
     21 root     -51   0       0      0      0 S   0.0   0.0   0:00.00 idle_inject/1                                                                                                                        
     22 root      rt   0       0      0      0 S   0.0   0.0   0:00.24 migration/1                                                                                                                          
     23 root      20   0       0      0      0 S   0.0   0.0   0:02.40 ksoftirqd/1                                                                                                                          
     25 root       0 -20       0      0      0 I   0.0   0.0   0:00.00 kworker/1:0H-events_highpri                                                                                                          
     26 root      20   0       0      0      0 S   0.0   0.0   0:00.00 cpuhp/2                                                                                                                              
     27 root     -51   0       0      0      0 S   0.0   0.0   0:00.00 idle_inject/2                                                                                                                        
     28 root      rt   0       0      0      0 S   0.0   0.0   0:00.25 migration/2                                                                                                                          
     29 root      20   0       0      0      0 S   0.0   0.0   0:02.39 ksoftirqd/2                                                                                                                          
     31 root       0 -20       0      0      0 I   0.0   0.0   0:00.00 kworker/2:0H-events_highpri                                                                                                          
     32 root      20   0       0      0      0 S   0.0   0.0   0:00.00 cpuhp/3                                                                                                                              
     33 root     -51   0       0      0      0 S   0.0   0.0   0:00.00 idle_inject/3                                                                                                                        
     34 root      rt   0       0      0      0 S   0.0   0.0   0:00.25 migration/3                                                                                                                          
     37 root       0 -20       0      0      0 I   0.0   0.0   0:00.00 kworker/3:0H-events_highpri                                                                                                          
     38 root      20   0       0      0      0 S   0.0   0.0   0:00.00 cpuhp/4                                                                                                                              
     39 root     -51   0       0      0      0 S   0.0   0.0   0:00.00 idle_inject/4                                                                                                                        
     40 root      rt   0       0      0      0 S   0.0   0.0   0:00.25 migration/4                                                                                                                          
sathya@sathya-HP-Pavilion-Laptop-14-ce3xxx:~/Devops_Course/sample$ uptime
 08:46:29 up 22:10,  1 user,  load average: 0.90, 1.00, 1.06
sathya@sathya-HP-Pavilion-Laptop-14-ce3xxx:~/Devops_Course/sample$ date
Tuesday 30 January 2024 08:46:43 AM IST
sathya@sathya-HP-Pavilion-Laptop-14-ce3xxx:~/Devops_Course/sample$ cd ..
sathya@sathya-HP-Pavilion-Laptop-14-ce3xxx:~/Devops_Course$ 




31/01/2023

sathya@sathya-HP-Pavilion-Laptop-14-ce3xxx:~$ cd Devops_Course
sathya@sathya-HP-Pavilion-Laptop-14-ce3xxx:~/Devops_Course$ cd sample
sathya@sathya-HP-Pavilion-Laptop-14-ce3xxx:~/Devops_Course/sample$ grep hi demo.txt
sathya@sathya-HP-Pavilion-Laptop-14-ce3xxx:~/Devops_Course/sample$ grep 'sss' demo.txt
sathya@sathya-HP-Pavilion-Laptop-14-ce3xxx:~/Devops_Course/sample$ ls
combine.txt  demo.txt  sample.txt  test.txt
sathya@sathya-HP-Pavilion-Laptop-14-ce3xxx:~/Devops_Course/sample$ grep -i "hi" demo.txt
Hi
sathya@sathya-HP-Pavilion-Laptop-14-ce3xxx:~/Devops_Course/sample$ Uname
Command 'Uname' not found, did you mean:
  command 'uname' from deb coreutils (8.32-4.1ubuntu1)
Try: sudo apt install <deb name>
sathya@sathya-HP-Pavilion-Laptop-14-ce3xxx:~/Devops_Course/sample$ uname
Linux
sathya@sathya-HP-Pavilion-Laptop-14-ce3xxx:~/Devops_Course/sample$ cd ..
sathya@sathya-HP-Pavilion-Laptop-14-ce3xxx:~/Devops_Course$ uname
Linux
sathya@sathya-HP-Pavilion-Laptop-14-ce3xxx:~/Devops_Course$ useradd demo
useradd: Permission denied.
useradd: cannot lock /etc/passwd; try again later.
sathya@sathya-HP-Pavilion-Laptop-14-ce3xxx:~/Devops_Course$ sudo useradd demo
[sudo] password for sathya: 
sathya@sathya-HP-Pavilion-Laptop-14-ce3xxx:~/Devops_Course$ uname
Linux
sathya@sathya-HP-Pavilion-Laptop-14-ce3xxx:~/Devops_Course$ sudo userdel demo
sathya@sathya-HP-Pavilion-Laptop-14-ce3xxx:~/Devops_Course$ ls
 cmdworkout.pdf   cmdworkout.txt  'DEVOPS OVERVIEW AND ARCHITECTURE.pptx'  'DevOps-Syllabus-FITA (2).pdf'   Devops_understanding.pdf  'LINUX ADMINISTRATION.pdf'   sample  'SOURCE CONTROL OF GIT.pdf'
sathya@sathya-HP-Pavilion-Laptop-14-ce3xxx:~/Devops_Course$ who
sathya   :1           2024-01-29 10:36 (:1)
sathya@sathya-HP-Pavilion-Laptop-14-ce3xxx:~/Devops_Course$ whoami
sathya
sathya@sathya-HP-Pavilion-Laptop-14-ce3xxx:~/Devops_Course$ sudo userdel demo
userdel: user 'demo' does not exist
sathya@sathya-HP-Pavilion-Laptop-14-ce3xxx:~/Devops_Course$ sudo userdel test
userdel: user 'test' does not exist
sathya@sathya-HP-Pavilion-Laptop-14-ce3xxx:~/Devops_Course$ sudo useradd demo
sathya@sathya-HP-Pavilion-Laptop-14-ce3xxx:~/Devops_Course$ who
sathya   :1           2024-01-29 10:36 (:1)
sathya@sathya-HP-Pavilion-Laptop-14-ce3xxx:~/Devops_Course$ sudo useradd testuser
sathya@sathya-HP-Pavilion-Laptop-14-ce3xxx:~/Devops_Course$ who
sathya   :1           2024-01-29 10:36 (:1)
sathya@sathya-HP-Pavilion-Laptop-14-ce3xxx:~/Devops_Course$ whoami
sathya
sathya@sathya-HP-Pavilion-Laptop-14-ce3xxx:~/Devops_Course$ 


